\BOOKMARK [0][-]{chapter.1}{\376\377\000I\000n\000t\000r\000o\000d\000u\000c\000c\000i\000\363\000n}{}% 1
\BOOKMARK [1][-]{section.1.1}{\376\377\000D\000e\000s\000c\000r\000i\000p\000c\000i\000\363\000n\000\040\000d\000e\000l\000\040\000P\000r\000o\000y\000e\000c\000t\000o}{chapter.1}% 2
\BOOKMARK [2][-]{subsection.1.1.1}{\376\377\000O\000b\000j\000e\000t\000i\000v\000o\000s\000\040\000d\000e\000l\000\040\000S\000i\000s\000t\000e\000m\000a}{section.1.1}% 3
\BOOKMARK [2][-]{subsection.1.1.2}{\376\377\000P\000\372\000b\000l\000i\000c\000o\000\040\000O\000b\000j\000e\000t\000i\000v\000o}{section.1.1}% 4
\BOOKMARK [1][-]{section.1.2}{\376\377\000T\000e\000c\000n\000o\000l\000o\000g\000\355\000a\000s\000\040\000U\000t\000i\000l\000i\000z\000a\000d\000a\000s}{chapter.1}% 5
\BOOKMARK [2][-]{subsection.1.2.1}{\376\377\000L\000e\000n\000g\000u\000a\000j\000e\000\040\000y\000\040\000F\000r\000a\000m\000e\000w\000o\000r\000k}{section.1.2}% 6
\BOOKMARK [2][-]{subsection.1.2.2}{\376\377\000B\000a\000s\000e\000\040\000d\000e\000\040\000D\000a\000t\000o\000s}{section.1.2}% 7
\BOOKMARK [2][-]{subsection.1.2.3}{\376\377\000S\000e\000g\000u\000r\000i\000d\000a\000d}{section.1.2}% 8
\BOOKMARK [2][-]{subsection.1.2.4}{\376\377\000F\000r\000o\000n\000t\000e\000n\000d}{section.1.2}% 9
\BOOKMARK [2][-]{subsection.1.2.5}{\376\377\000O\000t\000r\000a\000s\000\040\000T\000e\000c\000n\000o\000l\000o\000g\000\355\000a\000s}{section.1.2}% 10
\BOOKMARK [1][-]{section.1.3}{\376\377\000C\000o\000n\000v\000e\000n\000c\000i\000o\000n\000e\000s\000\040\000d\000e\000l\000\040\000P\000r\000o\000y\000e\000c\000t\000o}{chapter.1}% 11
\BOOKMARK [1][-]{section.1.4}{\376\377\000R\000e\000q\000u\000i\000s\000i\000t\000o\000s\000\040\000d\000e\000l\000\040\000S\000i\000s\000t\000e\000m\000a}{chapter.1}% 12
\BOOKMARK [0][-]{chapter.2}{\376\377\000A\000r\000q\000u\000i\000t\000e\000c\000t\000u\000r\000a\000\040\000d\000e\000l\000\040\000S\000i\000s\000t\000e\000m\000a}{}% 13
\BOOKMARK [1][-]{section.2.1}{\376\377\000V\000i\000s\000i\000\363\000n\000\040\000G\000e\000n\000e\000r\000a\000l}{chapter.2}% 14
\BOOKMARK [2][-]{subsection.2.1.1}{\376\377\000D\000i\000a\000g\000r\000a\000m\000a\000\040\000d\000e\000\040\000C\000a\000p\000a\000s}{section.2.1}% 15
\BOOKMARK [1][-]{section.2.2}{\376\377\000F\000l\000u\000j\000o\000\040\000d\000e\000\040\000u\000n\000a\000\040\000P\000e\000t\000i\000c\000i\000\363\000n}{chapter.2}% 16
\BOOKMARK [1][-]{section.2.3}{\376\377\000F\000l\000u\000j\000o\000\040\000d\000e\000\040\000N\000o\000t\000i\000f\000i\000c\000a\000c\000i\000o\000n\000e\000s\000\040\000e\000n\000\040\000T\000i\000e\000m\000p\000o\000\040\000R\000e\000a\000l\000\040\000\050\000W\000e\000b\000S\000o\000c\000k\000e\000t\000\051}{chapter.2}% 17
\BOOKMARK [1][-]{section.2.4}{\376\377\000P\000a\000t\000r\000o\000n\000e\000s\000\040\000d\000e\000\040\000D\000i\000s\000e\000\361\000o}{chapter.2}% 18
\BOOKMARK [2][-]{subsection.2.4.1}{\376\377\000P\000a\000t\000r\000o\000n\000e\000s\000\040\000I\000m\000p\000l\000e\000m\000e\000n\000t\000a\000d\000o\000s}{section.2.4}% 19
\BOOKMARK [1][-]{section.2.5}{\376\377\000D\000i\000a\000g\000r\000a\000m\000a\000\040\000d\000e\000\040\000C\000o\000m\000p\000o\000n\000e\000n\000t\000e\000s}{chapter.2}% 20
\BOOKMARK [2][-]{subsection.2.5.1}{\376\377\000C\000a\000p\000a\000s\000\040\000d\000e\000l\000\040\000S\000i\000s\000t\000e\000m\000a}{section.2.5}% 21
\BOOKMARK [1][-]{section.2.6}{\376\377\000E\000s\000q\000u\000e\000m\000a\000\040\000d\000e\000\040\000N\000a\000v\000e\000g\000a\000c\000i\000\363\000n}{chapter.2}% 22
\BOOKMARK [0][-]{chapter.3}{\376\377\000M\000o\000d\000e\000l\000o\000\040\000d\000e\000\040\000D\000a\000t\000o\000s}{}% 23
\BOOKMARK [1][-]{section.3.1}{\376\377\000D\000i\000a\000g\000r\000a\000m\000a\000\040\000E\000n\000t\000i\000d\000a\000d\000-\000R\000e\000l\000a\000c\000i\000\363\000n}{chapter.3}% 24
\BOOKMARK [2][-]{subsection.3.1.1}{\376\377\000E\000n\000t\000i\000d\000a\000d\000e\000s\000\040\000d\000e\000l\000\040\000S\000i\000s\000t\000e\000m\000a}{section.3.1}% 25
\BOOKMARK [2][-]{subsection.3.1.2}{\376\377\000E\000n\000u\000m\000e\000r\000a\000c\000i\000o\000n\000e\000s}{section.3.1}% 26
\BOOKMARK [2][-]{subsection.3.1.3}{\376\377\000R\000e\000l\000a\000c\000i\000o\000n\000e\000s\000\040\000P\000r\000i\000n\000c\000i\000p\000a\000l\000e\000s}{section.3.1}% 27
\BOOKMARK [2][-]{subsection.3.1.4}{\376\377\000L\000i\000s\000t\000a\000d\000o\000\040\000C\000o\000m\000p\000l\000e\000t\000o\000\040\000d\000e\000\040\000R\000e\000p\000o\000s\000i\000t\000o\000r\000i\000o\000s}{section.3.1}% 28
\BOOKMARK [0][-]{chapter.4}{\376\377\000B\000a\000c\000k\000e\000n\000d}{}% 29
\BOOKMARK [1][-]{section.4.1}{\376\377\000E\000s\000t\000r\000u\000c\000t\000u\000r\000a\000\040\000d\000e\000l\000\040\000P\000r\000o\000y\000e\000c\000t\000o}{chapter.4}% 30
\BOOKMARK [1][-]{section.4.2}{\376\377\000C\000o\000n\000t\000r\000o\000l\000a\000d\000o\000r\000e\000s\000\040\000R\000E\000S\000T}{chapter.4}% 31
\BOOKMARK [2][-]{subsection.4.2.1}{\376\377\000A\000u\000t\000e\000n\000t\000i\000c\000a\000c\000i\000\363\000n}{section.4.2}% 32
\BOOKMARK [2][-]{subsection.4.2.2}{\376\377\000G\000e\000s\000t\000i\000\363\000n\000\040\000C\000l\000\355\000n\000i\000c\000a}{section.4.2}% 33
\BOOKMARK [2][-]{subsection.4.2.3}{\376\377\000P\000o\000r\000t\000a\000l\000\040\000C\000l\000i\000e\000n\000t\000e}{section.4.2}% 34
\BOOKMARK [2][-]{subsection.4.2.4}{\376\377\000P\000\372\000b\000l\000i\000c\000o}{section.4.2}% 35
\BOOKMARK [2][-]{subsection.4.2.5}{\376\377\000P\000a\000g\000o\000s\000\040\000O\000n\000l\000i\000n\000e}{section.4.2}% 36
\BOOKMARK [2][-]{subsection.4.2.6}{\376\377\000A\000u\000d\000i\000t\000o\000r\000\355\000a}{section.4.2}% 37
\BOOKMARK [1][-]{section.4.3}{\376\377\000C\000a\000p\000a\000\040\000d\000e\000\040\000S\000e\000r\000v\000i\000c\000i\000o\000s}{chapter.4}% 38
\BOOKMARK [2][-]{subsection.4.3.1}{\376\377\000E\000j\000e\000m\000p\000l\000o\000:\000\040\000V\000a\000l\000i\000d\000a\000c\000i\000\363\000n\000\040\000d\000e\000\040\000S\000o\000l\000a\000p\000a\000m\000i\000e\000n\000t\000o\000\040\000d\000e\000\040\000C\000i\000t\000a\000s}{section.4.3}% 39
\BOOKMARK [2][-]{subsection.4.3.2}{\376\377\000E\000j\000e\000m\000p\000l\000o\000:\000\040\000G\000e\000n\000e\000r\000a\000c\000i\000\363\000n\000\040\000d\000e\000\040\000P\000D\000F\000\040\000c\000o\000n\000\040\000i\000T\000e\000x\000t\000\040\0007}{section.4.3}% 40
\BOOKMARK [2][-]{subsection.4.3.3}{\376\377\000E\000j\000e\000m\000p\000l\000o\000:\000\040\000I\000n\000t\000e\000g\000r\000a\000c\000i\000\363\000n\000\040\000c\000o\000n\000\040\000S\000t\000r\000i\000p\000e}{section.4.3}% 41
\BOOKMARK [1][-]{section.4.4}{\376\377\000C\000o\000n\000f\000i\000g\000u\000r\000a\000c\000i\000\363\000n}{chapter.4}% 42
\BOOKMARK [2][-]{subsection.4.4.1}{\376\377\000A\000p\000p\000l\000i\000c\000a\000t\000i\000o\000n\000\040\000P\000r\000o\000p\000e\000r\000t\000i\000e\000s}{section.4.4}% 43
\BOOKMARK [2][-]{subsection.4.4.2}{\376\377\000D\000a\000t\000a\000I\000n\000i\000t\000i\000a\000l\000i\000z\000e\000r}{section.4.4}% 44
\BOOKMARK [1][-]{section.4.5}{\376\377\000M\000a\000n\000e\000j\000o\000\040\000d\000e\000\040\000E\000x\000c\000e\000p\000c\000i\000o\000n\000e\000s}{chapter.4}% 45
\BOOKMARK [0][-]{chapter.5}{\376\377\000F\000r\000o\000n\000t\000e\000n\000d}{}% 46
\BOOKMARK [1][-]{section.5.1}{\376\377\000A\000r\000q\000u\000i\000t\000e\000c\000t\000u\000r\000a\000\040\000d\000e\000l\000\040\000F\000r\000o\000n\000t\000e\000n\000d}{chapter.5}% 47
\BOOKMARK [2][-]{subsection.5.1.1}{\376\377\000E\000s\000t\000r\000u\000c\000t\000u\000r\000a\000\040\000d\000e\000\040\000A\000r\000c\000h\000i\000v\000o\000s}{section.5.1}% 48
\BOOKMARK [1][-]{section.5.2}{\376\377\000P\000a\000n\000t\000a\000l\000l\000a\000\040\000d\000e\000\040\000L\000o\000g\000i\000n}{chapter.5}% 49
\BOOKMARK [1][-]{section.5.3}{\376\377\000D\000a\000s\000h\000b\000o\000a\000r\000d}{chapter.5}% 50
\BOOKMARK [1][-]{section.5.4}{\376\377\000A\000g\000e\000n\000d\000a\000\040\000d\000e\000\040\000C\000i\000t\000a\000s}{chapter.5}% 51
\BOOKMARK [1][-]{section.5.5}{\376\377\000G\000e\000s\000t\000i\000\363\000n\000\040\000d\000e\000\040\000C\000l\000i\000e\000n\000t\000e\000s\000\040\000y\000\040\000M\000a\000s\000c\000o\000t\000a\000s}{chapter.5}% 52
\BOOKMARK [1][-]{section.5.6}{\376\377\000F\000a\000c\000t\000u\000r\000a\000c\000i\000\363\000n}{chapter.5}% 53
\BOOKMARK [1][-]{section.5.7}{\376\377\000R\000e\000p\000o\000r\000t\000e\000s}{chapter.5}% 54
\BOOKMARK [1][-]{section.5.8}{\376\377\000O\000d\000o\000n\000t\000o\000g\000r\000a\000m\000a\000\040\000C\000a\000n\000i\000n\000o}{chapter.5}% 55
\BOOKMARK [1][-]{section.5.9}{\376\377\000P\000o\000r\000t\000a\000l\000\040\000d\000e\000l\000\040\000C\000l\000i\000e\000n\000t\000e}{chapter.5}% 56
\BOOKMARK [1][-]{section.5.10}{\376\377\000S\000i\000s\000t\000e\000m\000a\000\040\000d\000e\000\040\000T\000e\000m\000a\000s}{chapter.5}% 57
\BOOKMARK [1][-]{section.5.11}{\376\377\000A\000P\000I\000\040\000C\000l\000i\000e\000n\000t\000e\000\040\000\050\000a\000p\000i\000.\000j\000s\000\051}{chapter.5}% 58
\BOOKMARK [0][-]{chapter.6}{\376\377\000S\000e\000g\000u\000r\000i\000d\000a\000d}{}% 59
\BOOKMARK [1][-]{section.6.1}{\376\377\000A\000u\000t\000e\000n\000t\000i\000c\000a\000c\000i\000\363\000n\000\040\000J\000W\000T}{chapter.6}% 60
\BOOKMARK [2][-]{subsection.6.1.1}{\376\377\000J\000w\000t\000T\000o\000k\000e\000n\000P\000r\000o\000v\000i\000d\000e\000r}{section.6.1}% 61
\BOOKMARK [2][-]{subsection.6.1.2}{\376\377\000J\000w\000t\000A\000u\000t\000h\000F\000i\000l\000t\000e\000r}{section.6.1}% 62
\BOOKMARK [1][-]{section.6.2}{\376\377\000C\000o\000n\000t\000r\000o\000l\000\040\000d\000e\000\040\000A\000c\000c\000e\000s\000o\000\040\000p\000o\000r\000\040\000R\000o\000l\000e\000s}{chapter.6}% 63
\BOOKMARK [2][-]{subsection.6.2.1}{\376\377\000S\000e\000c\000u\000r\000i\000t\000y\000C\000o\000n\000f\000i\000g}{section.6.2}% 64
\BOOKMARK [1][-]{section.6.3}{\376\377\000C\000u\000s\000t\000o\000m\000U\000s\000e\000r\000D\000e\000t\000a\000i\000l\000s\000S\000e\000r\000v\000i\000c\000e}{chapter.6}% 65
\BOOKMARK [1][-]{section.6.4}{\376\377\000A\000u\000d\000i\000t\000o\000r\000\355\000a}{chapter.6}% 66
\BOOKMARK [1][-]{section.6.5}{\376\377\000P\000r\000o\000t\000e\000c\000c\000i\000\363\000n\000\040\000d\000e\000\040\000C\000o\000n\000t\000r\000a\000s\000e\000\361\000a\000s}{chapter.6}% 67
\BOOKMARK [1][-]{section.6.6}{\376\377\000C\000O\000R\000S}{chapter.6}% 68
\BOOKMARK [1][-]{section.6.7}{\376\377\000P\000r\000o\000t\000e\000c\000c\000i\000\363\000n\000\040\000C\000S\000R\000F}{chapter.6}% 69
\BOOKMARK [0][-]{chapter.7}{\376\377\000M\000\363\000d\000u\000l\000o\000s\000\040\000d\000e\000l\000\040\000S\000i\000s\000t\000e\000m\000a}{}% 70
\BOOKMARK [1][-]{section.7.1}{\376\377\000V\000i\000s\000i\000\363\000n\000\040\000G\000e\000n\000e\000r\000a\000l}{chapter.7}% 71
\BOOKMARK [1][-]{section.7.2}{\376\377\000M\000\363\000d\000u\000l\000o\000\040\000d\000e\000\040\000V\000e\000t\000e\000r\000i\000n\000a\000r\000i\000o\000s}{chapter.7}% 72
\BOOKMARK [1][-]{section.7.3}{\376\377\000M\000\363\000d\000u\000l\000o\000\040\000d\000e\000\040\000C\000l\000i\000e\000n\000t\000e\000s}{chapter.7}% 73
\BOOKMARK [1][-]{section.7.4}{\376\377\000M\000\363\000d\000u\000l\000o\000\040\000d\000e\000\040\000M\000a\000s\000c\000o\000t\000a\000s}{chapter.7}% 74
\BOOKMARK [1][-]{section.7.5}{\376\377\000M\000\363\000d\000u\000l\000o\000\040\000d\000e\000\040\000C\000i\000t\000a\000s}{chapter.7}% 75
\BOOKMARK [1][-]{section.7.6}{\376\377\000M\000\363\000d\000u\000l\000o\000\040\000d\000e\000\040\000F\000a\000c\000t\000u\000r\000a\000c\000i\000\363\000n}{chapter.7}% 76
\BOOKMARK [1][-]{section.7.7}{\376\377\000M\000\363\000d\000u\000l\000o\000\040\000d\000e\000\040\000S\000e\000r\000v\000i\000c\000i\000o\000s}{chapter.7}% 77
\BOOKMARK [1][-]{section.7.8}{\376\377\000M\000\363\000d\000u\000l\000o\000\040\000d\000e\000\040\000M\000e\000d\000i\000c\000a\000m\000e\000n\000t\000o\000s\000\040\000e\000\040\000I\000n\000v\000e\000n\000t\000a\000r\000i\000o}{chapter.7}% 78
\BOOKMARK [1][-]{section.7.9}{\376\377\000M\000\363\000d\000u\000l\000o\000\040\000d\000e\000\040\000H\000i\000s\000t\000o\000r\000i\000a\000l\000\040\000M\000\351\000d\000i\000c\000o}{chapter.7}% 79
\BOOKMARK [1][-]{section.7.10}{\376\377\000M\000\363\000d\000u\000l\000o\000\040\000d\000e\000\040\000V\000a\000c\000u\000n\000a\000s}{chapter.7}% 80
\BOOKMARK [1][-]{section.7.11}{\376\377\000M\000\363\000d\000u\000l\000o\000\040\000d\000e\000\040\000H\000o\000s\000p\000i\000t\000a\000l\000i\000z\000a\000c\000i\000\363\000n}{chapter.7}% 81
\BOOKMARK [1][-]{section.7.12}{\376\377\000M\000\363\000d\000u\000l\000o\000\040\000d\000e\000\040\000P\000l\000a\000n\000e\000s\000\040\000d\000e\000\040\000T\000r\000a\000t\000a\000m\000i\000e\000n\000t\000o}{chapter.7}% 82
\BOOKMARK [1][-]{section.7.13}{\376\377\000M\000\363\000d\000u\000l\000o\000\040\000d\000e\000\040\000C\000o\000n\000s\000e\000n\000t\000i\000m\000i\000e\000n\000t\000o\000s\000\040\000I\000n\000f\000o\000r\000m\000a\000d\000o\000s}{chapter.7}% 83
\BOOKMARK [1][-]{section.7.14}{\376\377\000M\000\363\000d\000u\000l\000o\000\040\000d\000e\000\040\000O\000d\000o\000n\000t\000o\000g\000r\000a\000m\000a}{chapter.7}% 84
\BOOKMARK [1][-]{section.7.15}{\376\377\000M\000\363\000d\000u\000l\000o\000\040\000d\000e\000\040\000P\000a\000g\000o\000s\000\040\000O\000n\000l\000i\000n\000e\000\040\000\050\000S\000t\000r\000i\000p\000e\000\051}{chapter.7}% 85
\BOOKMARK [1][-]{section.7.16}{\376\377\000M\000\363\000d\000u\000l\000o\000\040\000d\000e\000\040\000R\000e\000s\000e\000r\000v\000a\000\040\000P\000\372\000b\000l\000i\000c\000a}{chapter.7}% 86
\BOOKMARK [1][-]{section.7.17}{\376\377\000M\000\363\000d\000u\000l\000o\000\040\000d\000e\000\040\000R\000e\000p\000o\000r\000t\000e\000s}{chapter.7}% 87
\BOOKMARK [1][-]{section.7.18}{\376\377\000M\000\363\000d\000u\000l\000o\000\040\000d\000e\000\040\000A\000u\000d\000i\000t\000o\000r\000\355\000a}{chapter.7}% 88
\BOOKMARK [1][-]{section.7.19}{\376\377\000M\000\363\000d\000u\000l\000o\000\040\000d\000e\000\040\000C\000o\000n\000f\000i\000g\000u\000r\000a\000c\000i\000\363\000n}{chapter.7}% 89
\BOOKMARK [1][-]{section.7.20}{\376\377\000M\000\363\000d\000u\000l\000o\000\040\000d\000e\000\040\000N\000o\000t\000i\000f\000i\000c\000a\000c\000i\000o\000n\000e\000s}{chapter.7}% 90
\BOOKMARK [1][-]{section.7.21}{\376\377\000S\000i\000s\000t\000e\000m\000a\000\040\000d\000e\000\040\000T\000e\000m\000a\000s}{chapter.7}% 91
\BOOKMARK [1][-]{section.7.22}{\376\377\000C\000r\000e\000d\000e\000n\000c\000i\000a\000l\000e\000s\000\040\000d\000e\000\040\000P\000r\000u\000e\000b\000a}{chapter.7}% 92
\BOOKMARK [0][-]{chapter.8}{\376\377\000P\000r\000u\000e\000b\000a\000s}{}% 93
\BOOKMARK [1][-]{section.8.1}{\376\377\000E\000n\000f\000o\000q\000u\000e\000\040\000d\000e\000\040\000P\000r\000u\000e\000b\000a\000s}{chapter.8}% 94
\BOOKMARK [1][-]{section.8.2}{\376\377\000E\000j\000e\000c\000u\000c\000i\000\363\000n\000\040\000d\000e\000\040\000P\000r\000u\000e\000b\000a\000s}{chapter.8}% 95
\BOOKMARK [1][-]{section.8.3}{\376\377\000C\000l\000a\000s\000e\000s\000\040\000d\000e\000\040\000P\000r\000u\000e\000b\000a}{chapter.8}% 96
\BOOKMARK [2][-]{subsection.8.3.1}{\376\377\000V\000e\000t\000e\000r\000i\000n\000a\000r\000y\000S\000y\000s\000t\000e\000m\000I\000n\000t\000e\000g\000r\000a\000t\000i\000o\000n\000T\000e\000s\000t}{section.8.3}% 97
\BOOKMARK [2][-]{subsection.8.3.2}{\376\377\000N\000e\000w\000F\000e\000a\000t\000u\000r\000e\000s\000I\000n\000t\000e\000g\000r\000a\000t\000i\000o\000n\000T\000e\000s\000t}{section.8.3}% 98
\BOOKMARK [1][-]{section.8.4}{\376\377\000C\000o\000n\000f\000i\000g\000u\000r\000a\000c\000i\000\363\000n\000\040\000d\000e\000\040\000P\000r\000u\000e\000b\000a\000s}{chapter.8}% 99
\BOOKMARK [1][-]{section.8.5}{\376\377\000E\000j\000e\000m\000p\000l\000o\000:\000\040\000P\000r\000u\000e\000b\000a\000\040\000d\000e\000\040\000C\000r\000e\000a\000c\000i\000\363\000n\000\040\000d\000e\000\040\000F\000a\000c\000t\000u\000r\000a\000\040\000c\000o\000n\000\040\000D\000e\000s\000c\000u\000e\000n\000t\000o\000\040\000d\000e\000\040\000S\000t\000o\000c\000k}{chapter.8}% 100
\BOOKMARK [1][-]{section.8.6}{\376\377\000E\000j\000e\000m\000p\000l\000o\000:\000\040\000P\000r\000u\000e\000b\000a\000\040\000d\000e\000\040\000E\000n\000d\000p\000o\000i\000n\000t\000s\000\040\000P\000\372\000b\000l\000i\000c\000o\000s}{chapter.8}% 101
\BOOKMARK [1][-]{section.8.7}{\376\377\000C\000o\000b\000e\000r\000t\000u\000r\000a\000\040\000d\000e\000\040\000P\000r\000u\000e\000b\000a\000s}{chapter.8}% 102
\BOOKMARK [0][-]{chapter.9}{\376\377\000D\000e\000s\000p\000l\000i\000e\000g\000u\000e}{}% 103
\BOOKMARK [1][-]{section.9.1}{\376\377\000R\000e\000q\000u\000i\000s\000i\000t\000o\000s\000\040\000d\000e\000l\000\040\000S\000e\000r\000v\000i\000d\000o\000r}{chapter.9}% 104
\BOOKMARK [1][-]{section.9.2}{\376\377\000C\000o\000n\000f\000i\000g\000u\000r\000a\000c\000i\000\363\000n\000\040\000d\000e\000\040\000B\000a\000s\000e\000\040\000d\000e\000\040\000D\000a\000t\000o\000s}{chapter.9}% 105
\BOOKMARK [2][-]{subsection.9.2.1}{\376\377\000C\000r\000e\000a\000r\000\040\000B\000a\000s\000e\000\040\000d\000e\000\040\000D\000a\000t\000o\000s\000\040\000P\000o\000s\000t\000g\000r\000e\000S\000Q\000L}{section.9.2}% 106
\BOOKMARK [2][-]{subsection.9.2.2}{\376\377\000V\000e\000r\000i\000f\000i\000c\000a\000r\000\040\000C\000o\000n\000e\000x\000i\000\363\000n}{section.9.2}% 107
\BOOKMARK [1][-]{section.9.3}{\376\377\000E\000j\000e\000c\000u\000c\000i\000\363\000n\000\040\000e\000n\000\040\000D\000e\000s\000a\000r\000r\000o\000l\000l\000o}{chapter.9}% 108
\BOOKMARK [1][-]{section.9.4}{\376\377\000C\000o\000m\000p\000i\000l\000a\000c\000i\000\363\000n\000\040\000p\000a\000r\000a\000\040\000P\000r\000o\000d\000u\000c\000c\000i\000\363\000n}{chapter.9}% 109
\BOOKMARK [1][-]{section.9.5}{\376\377\000D\000e\000s\000p\000l\000i\000e\000g\000u\000e\000\040\000c\000o\000n\000\040\000D\000o\000c\000k\000e\000r}{chapter.9}% 110
\BOOKMARK [2][-]{subsection.9.5.1}{\376\377\000D\000o\000c\000k\000e\000r\000f\000i\000l\000e}{section.9.5}% 111
\BOOKMARK [2][-]{subsection.9.5.2}{\376\377\000D\000o\000c\000k\000e\000r\000\040\000C\000o\000m\000p\000o\000s\000e}{section.9.5}% 112
\BOOKMARK [1][-]{section.9.6}{\376\377\000D\000e\000s\000p\000l\000i\000e\000g\000u\000e\000\040\000c\000o\000n\000\040\000s\000y\000s\000t\000e\000m\000d\000\040\000\050\000P\000r\000o\000d\000u\000c\000c\000i\000\363\000n\000\040\000L\000i\000n\000u\000x\000\051}{chapter.9}% 113
\BOOKMARK [1][-]{section.9.7}{\376\377\000P\000r\000o\000x\000y\000\040\000I\000n\000v\000e\000r\000s\000o\000\040\000c\000o\000n\000\040\000N\000g\000i\000n\000x}{chapter.9}% 114
\BOOKMARK [1][-]{section.9.8}{\376\377\000V\000a\000r\000i\000a\000b\000l\000e\000s\000\040\000d\000e\000\040\000E\000n\000t\000o\000r\000n\000o}{chapter.9}% 115
\BOOKMARK [1][-]{section.9.9}{\376\377\000E\000s\000t\000r\000u\000c\000t\000u\000r\000a\000\040\000C\000o\000m\000p\000l\000e\000t\000a\000\040\000d\000e\000l\000\040\000P\000r\000o\000y\000e\000c\000t\000o}{chapter.9}% 116
\BOOKMARK [1][-]{section.9.10}{\376\377\000C\000o\000m\000a\000n\000d\000o\000s\000\040\000\332\000t\000i\000l\000e\000s}{chapter.9}% 117
\BOOKMARK [1][-]{section.9.11}{\376\377\000R\000e\000s\000o\000l\000u\000c\000i\000\363\000n\000\040\000d\000e\000\040\000P\000r\000o\000b\000l\000e\000m\000a\000s}{chapter.9}% 118
\BOOKMARK [2][-]{subsection.9.11.1}{\376\377\000E\000r\000r\000o\000r\000\040\000d\000e\000\040\000C\000o\000n\000e\000x\000i\000\363\000n\000\040\000a\000\040\000B\000a\000s\000e\000\040\000d\000e\000\040\000D\000a\000t\000o\000s}{section.9.11}% 119
\BOOKMARK [2][-]{subsection.9.11.2}{\376\377\000P\000u\000e\000r\000t\000o\000\040\000O\000c\000u\000p\000a\000d\000o}{section.9.11}% 120
\BOOKMARK [2][-]{subsection.9.11.3}{\376\377\000E\000r\000r\000o\000r\000\040\000d\000e\000\040\000C\000o\000m\000p\000i\000l\000a\000c\000i\000\363\000n}{section.9.11}% 121
\BOOKMARK [2][-]{subsection.9.11.4}{\376\377\000E\000r\000r\000o\000r\000\040\000d\000e\000\040\000J\000W\000T}{section.9.11}% 122
\BOOKMARK [2][-]{subsection.9.11.5}{\376\377\000W\000e\000b\000S\000o\000c\000k\000e\000t\000\040\000n\000o\000\040\000c\000o\000n\000e\000c\000t\000a}{section.9.11}% 123
